[df.webontwerp.ucll.be/index.html]
[backblue.gif]
[fade.gif]
[index.html]
[df.webontwerp.ucll.be/assets/styles/stijl.css]
[df.webontwerp.ucll.be/_astro/index.2d393956.css]
[df.webontwerp.ucll.be/index.html]
[df.webontwerp.ucll.be/NL/index.html]
[df.webontwerp.ucll.be/assets/jeremy-bishop-G9i_plbfDgk-unsplash.jpg]
[df.webontwerp.ucll.be/EN/index.html]
[df.webontwerp.ucll.be/assets/styles/stijl.css]
[df.webontwerp.ucll.be/_astro/index.2d393956.css]
[cdnjs.cloudflare.com/ajax/libs/highlight.js/11.7.0/styles/vs2015.min.css]
[df.webontwerp.ucll.be/NL/leerpad/index.html]
[df.webontwerp.ucll.be/assets/Logo_UCLL_negatief_RGB.png]
[df.webontwerp.ucll.be/NL/model_menu/index.html]
[df.webontwerp.ucll.be/NL/index.html]
[df.webontwerp.ucll.be/assets/js/func2.js]
[df.webontwerp.ucll.be/NL/SQL_menu/index.html]
[df.webontwerp.ucll.be/NL/FAQ/index.html]
[df.webontwerp.ucll.be/EN/leerpad/index.html]
[df.webontwerp.ucll.be/EN/model_menu/index.html]
[df.webontwerp.ucll.be/EN/index.html]
[df.webontwerp.ucll.be/EN/SQL_menu/index.html]
[cdnjs.cloudflare.com/ajax/libs/highlight.js/11.7.0/highlight.min.js]
[df.webontwerp.ucll.be/assets/edit-03-svgrepo-com.svg]
[df.webontwerp.ucll.be/assets/information-info-svgrepo-com.svg]
[df.webontwerp.ucll.be/assets/triangle-danger-f-svgrepo-com.svg]
[cdnjs.cloudflare.com/ajax/libs/highlight.js/11.7.0/styles/vs2015.min.css]
[df.webontwerp.ucll.be/_astro/leerpad.d2f1e9c5.css]
[df.webontwerp.ucll.be/NL/leerpad/index.html]
[df.webontwerp.ucll.be/NL/model_data/index.html]
[df.webontwerp.ucll.be/assets/menukeuze/denys-nevozhai-unsplash.jpg]
[df.webontwerp.ucll.be/NL/model_vraag_naar_data/index.html]
[df.webontwerp.ucll.be/assets/menukeuze/pexels-brayden-law.jpg]
[df.webontwerp.ucll.be/assets/menukeuze/pexels-gdtography.jpg]
[df.webontwerp.ucll.be/NL/SQL_pgadmin/index.html]
[df.webontwerp.ucll.be/NL/SQL_intro/index.html]
[df.webontwerp.ucll.be/assets/menukeuze/jonas-off-FO2zwDMQzUM-unsplash.jpg]
[df.webontwerp.ucll.be/NL/model_conceptueel/index.html]
[df.webontwerp.ucll.be/assets/menukeuze/pexels-matej.jpg]
[df.webontwerp.ucll.be/NL/model_conceptueel_oefeningen/index.html]
[df.webontwerp.ucll.be/NL/SQL_CSV/index.html]
[df.webontwerp.ucll.be/assets/menukeuze/ricardo-gomez-angel-KugEP5i9dxQ-unsplash.jpg]
[df.webontwerp.ucll.be/NL/SQL_select/index.html]
[df.webontwerp.ucll.be/assets/menukeuze/pexels-clem-onojeghuo.jpg]
[df.webontwerp.ucll.be/NL/SQL_where/index.html]
[df.webontwerp.ucll.be/assets/menukeuze/pexels-henry-&-co.jpg]
[df.webontwerp.ucll.be/NL/model_menu/index.html]
[df.webontwerp.ucll.be/NL/SQL_groupby_having/index.html]
[df.webontwerp.ucll.be/NL/SQL_orderby/index.html]
[df.webontwerp.ucll.be/NL/SQL_limit/index.html]
[df.webontwerp.ucll.be/assets/menukeuze/pawel-czerwinski-kyo00lYIkLQ-unsplash.jpg]
[df.webontwerp.ucll.be/NL/SQL_eenopveel/index.html]
[df.webontwerp.ucll.be/assets/menukeuze/daniel-olah-OlTjeydUpQw-unsplash.jpg]
[df.webontwerp.ucll.be/NL/SQL_innerjoin/index.html]
[df.webontwerp.ucll.be/NL/SQL_outerjoin/index.html]
[df.webontwerp.ucll.be/NL/SQL_tennis/index.html]
[df.webontwerp.ucll.be/assets/menukeuze/scott-webb-mV9-1XjnM4Y-unsplash.jpg]
[df.webontwerp.ucll.be/NL/model_logisch/index.html]
[df.webontwerp.ucll.be/assets/menukeuze/alexandra-diaconu-VuBzplNNi0k-unsplash.jpg]
[df.webontwerp.ucll.be/assets/menukeuze/josep-martins-l3-erg8nPRU-unsplash.jpg]
[df.webontwerp.ucll.be/NL/model_logisch_oefeningen/index.html]
[df.webontwerp.ucll.be/assets/menukeuze/alexander-ant-kvMZ-xXFrA4-unsplash.jpg]
[df.webontwerp.ucll.be/NL/model_fysiek/index.html]
[df.webontwerp.ucll.be/assets/menukeuze/johny-goerend-Oz2ZQ2j8We8-unsplash.jpg]
[df.webontwerp.ucll.be/NL/SQL_DBschema/index.html]
[df.webontwerp.ucll.be/assets/menukeuze/pawel-czerwinski-fRzUPSFnp04-unsplash.jpg]
[df.webontwerp.ucll.be/NL/SQL_privileges/index.html]
[df.webontwerp.ucll.be/assets/menukeuze/logan-troxell-DsQmBlbywJ8-unsplash.jpg]
[df.webontwerp.ucll.be/NL/SQL_subquery/index.html]
[df.webontwerp.ucll.be/assets/menukeuze/zak-7wBFsHWQDlk-unsplash.jpg]
[df.webontwerp.ucll.be/NL/SQL_kookclub/index.html]
[df.webontwerp.ucll.be/assets/menukeuze/matthew-brindle-p7ILrZmhHHc-unsplash.jpg]
[df.webontwerp.ucll.be/NL/model_drawio/index.html]
[df.webontwerp.ucll.be/assets/menukeuze/markus-spiske-k0rVudBoB4c-unsplash.jpg]
[df.webontwerp.ucll.be/assets/menukeuze/jatin-gajjar-nrNQrGREhRo-unsplash.jpg]
[df.webontwerp.ucll.be/assets/menukeuze/dinal-photo-sF4ai1-hmHw-unsplash.jpg]
[df.webontwerp.ucll.be/assets/menukeuze/martin-martz-5bWWxcpAjZ4-unsplash.jpg]
[df.webontwerp.ucll.be/assets/menukeuze/pascal-bullan-NW2Lo1G_K94-unsplash.jpg]
[df.webontwerp.ucll.be/NL/SQL_menu/index.html]
[df.webontwerp.ucll.be/NL/FAQ/index.html]
[df.webontwerp.ucll.be/EN/leerpad/index.html]
[df.webontwerp.ucll.be/EN/model_data/index.html]
[df.webontwerp.ucll.be/EN/model_vraag_naar_data/index.html]
[df.webontwerp.ucll.be/EN/model_menu/index.html]
[df.webontwerp.ucll.be/EN/SQL_pgadmin/index.html]
[df.webontwerp.ucll.be/EN/SQL_intro/index.html]
[df.webontwerp.ucll.be/EN/SQL_menu/index.html]
[df.webontwerp.ucll.be/EN/model_conceptueel/index.html]
[df.webontwerp.ucll.be/EN/model_conceptueel_oefeningen/index.html]
[df.webontwerp.ucll.be/leerpad/index.html]
[df.webontwerp.ucll.be/EN/SQL_CSV/index.html]
[df.webontwerp.ucll.be/_astro/leerpad.d2f1e9c5.css]
[df.webontwerp.ucll.be/EN/SQL_select/index.html]
[df.webontwerp.ucll.be/EN/SQL_where/index.html]
[df.webontwerp.ucll.be/EN/SQL_groupby_having/index.html]
[df.webontwerp.ucll.be/EN/SQL_orderby/index.html]
[df.webontwerp.ucll.be/assets/data/inschrijvenUCLL.png]
[df.webontwerp.ucll.be/EN/SQL_limit/index.html]
[df.webontwerp.ucll.be/EN/SQL_eenopveel/index.html]
[df.webontwerp.ucll.be/assets/data/costperGB.jpg]
[df.webontwerp.ucll.be/EN/SQL_innerjoin/index.html]
[df.webontwerp.ucll.be/assets/data/dbms.png]
[df.webontwerp.ucll.be/NL/model_data/index.html]
[df.webontwerp.ucll.be/EN/SQL_outerjoin/index.html]
[df.webontwerp.ucll.be/EN/SQL_tennis/index.html]
[df.webontwerp.ucll.be/assets/vraag_naar_data/grondplan.jpg]
[df.webontwerp.ucll.be/assets/vraag_naar_data/datamodel-lagen.png]
[df.webontwerp.ucll.be/assets/vraag_naar_data/studentOPOfysiek.png]
[df.webontwerp.ucll.be/NL/model_vraag_naar_data/index.html]
[df.webontwerp.ucll.be/EN/model_logisch/index.html]
[df.webontwerp.ucll.be/EN/model_logisch_oefeningen/index.html]
[df.webontwerp.ucll.be/assets/introSQL/rdbms.webp]
[df.webontwerp.ucll.be/EN/model_fysiek/index.html]
[df.webontwerp.ucll.be/EN/SQL_DBschema/index.html]
[df.webontwerp.ucll.be/EN/model_drawio/index.html]
[df.webontwerp.ucll.be/EN/SQL_privileges/index.html]
[df.webontwerp.ucll.be/assets/PDF/handleiding23-24.pdf]
[df.webontwerp.ucll.be/NL/SQL_pgadmin/index.html]
[df.webontwerp.ucll.be/EN/SQL_subquery/index.html]
[df.webontwerp.ucll.be/EN/SQL_kookclub/index.html]
[df.webontwerp.ucll.be/assets/introSQL/ECTS.png]
[df.webontwerp.ucll.be/assets/introSQL/eersteInsert.png]
[df.webontwerp.ucll.be/assets/introSQL/11OPOs.png]
[df.webontwerp.ucll.be/assets/introSQL/naamSP.png]
[df.webontwerp.ucll.be/assets/introSQL/mijnOPOs.png]
[df.webontwerp.ucll.be/assets/introSQL/updateJohan.png]
[df.webontwerp.ucll.be/assets/introSQL/alfabetischDESC.png]
[df.webontwerp.ucll.be/assets/introSQL/exploits_of_a_mom.png]
[df.webontwerp.ucll.be/NL/SQL_intro/index.html]
[df.webontwerp.ucll.be/assets/conceptueel/Original_1976_Apple_1_Computer_In_A_Briefcase.jpg]
[df.webontwerp.ucll.be/assets/conceptueel/Doctor-advising-patient-about-medication-pills_Hero_iStock-1169928112_2021-02_1336x614.jpg]
[df.webontwerp.ucll.be/assets/conceptueel/klantkoopproduct.jpg]
[df.webontwerp.ucll.be/assets/conceptueel/idkaart.jpg]
[df.webontwerp.ucll.be/assets/conceptueel/autodealer.jpg]
[df.webontwerp.ucll.be/NL/model_conceptueel/index.html]
[df.webontwerp.ucll.be/assets/conceptueel/chiro.jpg]
[df.webontwerp.ucll.be/assets/conceptueel/autoverhuur.jpg]
[df.webontwerp.ucll.be/assets/conceptueel/kuloket.png]
[df.webontwerp.ucll.be/assets/conceptueel/mechelen_het_predikheren_public_library_be_001.jpg]
[df.webontwerp.ucll.be/assets/conceptueel/IMG_1656.jpg]
[df.webontwerp.ucll.be/NL/model_conceptueel_oefeningen/index.html]
[df.webontwerp.ucll.be/assets/CSV/all_csv_sorted_versie7.csv]
[df.webontwerp.ucll.be/assets/CSV/downloadCSV.png]
[df.webontwerp.ucll.be/assets/CSV/zonderkleur.png]
[df.webontwerp.ucll.be/assets/CSV/metkleur.png]
[df.webontwerp.ucll.be/assets/CSV/editcsv.png]
[df.webontwerp.ucll.be/assets/CSV/applychanges.png]
[df.webontwerp.ucll.be/assets/CSV/goforwalk.png]
[df.webontwerp.ucll.be/assets/CSV/zoekvervang.png]
[df.webontwerp.ucll.be/NL/SQL_intro/index-2.html]
[df.webontwerp.ucll.be/assets/CSV/importcsv1.png]
[df.webontwerp.ucll.be/assets/CSV/importcsv2.png]
[df.webontwerp.ucll.be/assets/CSV/importfoutAruba.png]
[df.webontwerp.ucll.be/assets/CSV/selectalleprijzen.png]
[df.webontwerp.ucll.be/assets/CSV/grootsteprijsverschil.png]
[df.webontwerp.ucll.be/assets/CSV/groupbyvb1.png]
[df.webontwerp.ucll.be/assets/CSV/groupbyhaving.png]
[df.webontwerp.ucll.be/assets/CSV/havingvb.png]
[df.webontwerp.ucll.be/assets/CSV/havingminstens16.png]
[df.webontwerp.ucll.be/NL/SQL_CSV/index.html]
[df.webontwerp.ucll.be/assets/select/letterkast.jpg]
[df.webontwerp.ucll.be/assets/select/zonderbeginletters.png]
[df.webontwerp.ucll.be/assets/select/oudnieuw.png]
[df.webontwerp.ucll.be/NL/SQL_select/index.html]
[df.webontwerp.ucll.be/NL/SQL_select/index-2.html]
[df.webontwerp.ucll.be/NL/SQL_where/index.html]
[df.webontwerp.ucll.be/NL/SQL_CSV/index-2.html]
[df.webontwerp.ucll.be/assets/groupby/sortbycoord.png]
[df.webontwerp.ucll.be/assets/groupby/sumSP.png]
[df.webontwerp.ucll.be/assets/groupby/groupavgsemester.png]
[df.webontwerp.ucll.be/assets/groupby/grouptweekol.png]
[df.webontwerp.ucll.be/assets/groupby/grouponevensem.png]
[df.webontwerp.ucll.be/NL/SQL_groupby_having/index.html]
[df.webontwerp.ucll.be/assets/orderby/orderbySP.png]
[df.webontwerp.ucll.be/assets/orderby/orderbySPnaam.png]
[df.webontwerp.ucll.be/NL/SQL_orderby/index.html]
[df.webontwerp.ucll.be/assets/limit/limit2.png]
[df.webontwerp.ucll.be/assets/limit/withties.png]
[df.webontwerp.ucll.be/NL/SQL_limit/index.html]
[df.webontwerp.ucll.be/assets/een-op-veel-SQL/lector-opo.png]
[df.webontwerp.ucll.be/NL/SQL_eenopveel/index.html]
[df.webontwerp.ucll.be/assets/een-op-veel-SQL/lector-opo-SQL.txt]
[df.webontwerp.ucll.be/assets/join/join_vb1.png]
[df.webontwerp.ucll.be/assets/join/join_vb2.png]
[df.webontwerp.ucll.be/assets/join/join_vb3.png]
[df.webontwerp.ucll.be/assets/join/join_vb5.png]
[df.webontwerp.ucll.be/assets/join/join_vb4.png]
[df.webontwerp.ucll.be/assets/join/join_vb6.png]
[df.webontwerp.ucll.be/NL/SQL_innerjoin/index.html]
[df.webontwerp.ucll.be/assets/join/outerjoin_1.png]
[df.webontwerp.ucll.be/assets/join/outerjoin_2.png]
[df.webontwerp.ucll.be/assets/join/outerjoin_3.png]
[df.webontwerp.ucll.be/assets/join/outerjoin_4.png]
[df.webontwerp.ucll.be/NL/SQL_outerjoin/index.html]
[df.webontwerp.ucll.be/assets/tennis/tennis.png]
[df.webontwerp.ucll.be/assets/tennis/tennisclub.jpg]
[df.webontwerp.ucll.be/assets/tennis/oef1_4.png]
[df.webontwerp.ucll.be/assets/tennis/oef1_5.png]
[df.webontwerp.ucll.be/assets/tennis/oef1_6.png]
[df.webontwerp.ucll.be/assets/tennis/oef1_8.png]
[df.webontwerp.ucll.be/assets/tennis/oef1_9.png]
[df.webontwerp.ucll.be/assets/tennis/oef1_10.png]
[df.webontwerp.ucll.be/assets/tennis/oef1_11.png]
[df.webontwerp.ucll.be/assets/tennis/oef2_1.png]
[df.webontwerp.ucll.be/assets/tennis/oef2_2.png]
[df.webontwerp.ucll.be/assets/tennis/oef2_3.png]
[df.webontwerp.ucll.be/assets/tennis/oef2_4.png]
[df.webontwerp.ucll.be/assets/tennis/oef2_5.png]
[df.webontwerp.ucll.be/assets/tennis/oef2_6.png]
[df.webontwerp.ucll.be/assets/tennis/oef2_7.png]
[df.webontwerp.ucll.be/assets/tennis/oef2_8.png]
[df.webontwerp.ucll.be/assets/tennis/oef2_9.png]
[df.webontwerp.ucll.be/assets/tennis/oef2_10.png]
[df.webontwerp.ucll.be/assets/tennis/tennis_opg_1.png]
[df.webontwerp.ucll.be/assets/tennis/tennis_opg_2.png]
[df.webontwerp.ucll.be/assets/tennis/tennis_opg_3.png]
[df.webontwerp.ucll.be/assets/tennis/tennis_opg_4.png]
[df.webontwerp.ucll.be/assets/tennis/tennis_opg_5.png]
[df.webontwerp.ucll.be/assets/tennis/tennis_opg_6.png]
[df.webontwerp.ucll.be/NL/SQL_tennis/index.html]
[df.webontwerp.ucll.be/assets/logisch/model_logisch_relationeel_databankmodel_afb01.png]
[df.webontwerp.ucll.be/assets/logisch/model_logisch_relationeel_databankmodel_afb02.png]
[df.webontwerp.ucll.be/assets/logisch/model_logisch_relationeel_conceptueel_naar_logisch_afb01.png]
[df.webontwerp.ucll.be/assets/logisch/model_logisch_relationeel_conceptueel_naar_logisch_afb02.png]
[df.webontwerp.ucll.be/assets/logisch/model_logisch_relationeel_conceptueel_naar_logisch_afb03.png]
[df.webontwerp.ucll.be/assets/logisch/model_logisch_relationeel_conceptueel_naar_logisch_afb04.png]
[df.webontwerp.ucll.be/assets/logisch/model_logisch_relationeel_conceptueel_naar_logisch_afb05.png]
[df.webontwerp.ucll.be/assets/logisch/model_logisch_relationeel_conceptueel_naar_logisch_afb06.png]
[df.webontwerp.ucll.be/assets/logisch/model_logisch_relationeel_conceptueel_naar_logisch_afb07.png]
[df.webontwerp.ucll.be/assets/logisch/model_logisch_relationeel_conceptueel_naar_logisch_afb08.png]
[df.webontwerp.ucll.be/NL/model_conceptueel/index-2.html]
[df.webontwerp.ucll.be/assets/logisch/model_logisch_relationeel_conceptueel_naar_logisch_afb09.png]
[df.webontwerp.ucll.be/assets/logisch/model_logisch_relationeel_conceptueel_naar_logisch_afb10.png]
[df.webontwerp.ucll.be/assets/logisch/model_logisch_relationeel_conceptueel_naar_logisch_afb11.png]
[df.webontwerp.ucll.be/NL/model_logisch/index.html]
[df.webontwerp.ucll.be/assets/logisch/maintenance.jpg]
[df.webontwerp.ucll.be/NL/model_logisch_oefeningen/index.html]
[df.webontwerp.ucll.be/NL/model_fysiek/index.html]
[df.webontwerp.ucll.be/assets/DBSchema/editions.png]
[df.webontwerp.ucll.be/NL/SQL_eenopveel/index-2.html]
[df.webontwerp.ucll.be/assets/DBSchema/Mijnschema.png]
[df.webontwerp.ucll.be/assets/DBSchema/startnewproject.png]
[df.webontwerp.ucll.be/assets/DBSchema/kiespostgres.png]
[df.webontwerp.ucll.be/assets/DBSchema/connectiedialoog.png]
[df.webontwerp.ucll.be/assets/DBSchema/preparethreshold.png]
[df.webontwerp.ucll.be/assets/DBSchema/checkboxes.png]
[df.webontwerp.ucll.be/assets/DBSchema/resultaatMet.png]
[df.webontwerp.ucll.be/assets/DBSchema/filmDBresultaat.png]
[df.webontwerp.ucll.be/assets/DBSchema/starwars.jpg]
[df.webontwerp.ucll.be/NL/SQL_DBschema/index.html]
[df.webontwerp.ucll.be/assets/privileges/DavidISP.png]
[df.webontwerp.ucll.be/assets/privileges/KlantDieter.png]
[df.webontwerp.ucll.be/assets/privileges/tabelproperties.png]
[df.webontwerp.ucll.be/assets/privileges/tabelsecurity.png]
[df.webontwerp.ucll.be/NL/SQL_privileges/index.html]
[df.webontwerp.ucll.be/assets/subquery/ERD_student_campus.png]
[df.webontwerp.ucll.be/NL/SQL_where/index-2.html]
[df.webontwerp.ucll.be/assets/subquery/oudste5Heverlee.png]
[df.webontwerp.ucll.be/assets/subquery/afstandDiest.png]
[df.webontwerp.ucll.be/NL/SQL_subquery/index.html]
[df.webontwerp.ucll.be/assets/kookclub/ERD_kookclub.png]
[df.webontwerp.ucll.be/assets/kookclub/kcal.png]
[df.webontwerp.ucll.be/assets/kookclub/ledenperthema.png]
[df.webontwerp.ucll.be/assets/kookclub/tiramisu-energie.png]
[df.webontwerp.ucll.be/NL/SQL_outerjoin/index-2.html]
[df.webontwerp.ucll.be/assets/kookclub/weinigkcal.png]
[df.webontwerp.ucll.be/assets/kookclub/overboekt.png]
[df.webontwerp.ucll.be/assets/kookclub/3deelnames.png]
[df.webontwerp.ucll.be/NL/SQL_kookclub/index.html]
[df.webontwerp.ucll.be/NL/model_drawio/index.html]
[df.webontwerp.ucll.be/_astro/leerpad.c5d42cfe.html]
[df.webontwerp.ucll.be/EN/model_data/index.html]
[df.webontwerp.ucll.be/EN/model_vraag_naar_data/index.html]
[df.webontwerp.ucll.be/EN/SQL_pgadmin/index.html]
[df.webontwerp.ucll.be/assets/introSQL/ECTS_EN.png]
[df.webontwerp.ucll.be/EN/SQL_intro/index.html]
[df.webontwerp.ucll.be/EN/model_conceptueel/index.html]
[df.webontwerp.ucll.be/EN/model_conceptueel_oefeningen/index.html]
[df.webontwerp.ucll.be/EN/SQL_intro/index-2.html]
[df.webontwerp.ucll.be/EN/SQL_CSV/index.html]
[df.webontwerp.ucll.be/EN/SQL_select/index.html]
[df.webontwerp.ucll.be/EN/SQL_where/index.html]
[df.webontwerp.ucll.be/EN/SQL_groupby_having/index.html]
[df.webontwerp.ucll.be/EN/SQL_select/index-2.html]
[df.webontwerp.ucll.be/EN/SQL_CSV/index-2.html]
[df.webontwerp.ucll.be/EN/SQL_orderby/index.html]
[df.webontwerp.ucll.be/EN/SQL_limit/index.html]
[df.webontwerp.ucll.be/EN/SQL_eenopveel/index.html]
[df.webontwerp.ucll.be/EN/SQL_innerjoin/index.html]
[df.webontwerp.ucll.be/EN/SQL_outerjoin/index.html]
[df.webontwerp.ucll.be/EN/SQL_tennis/index.html]
[df.webontwerp.ucll.be/model_logisch/index.html]
[df.webontwerp.ucll.be/model_logisch_oefeningen/index.html]
[df.webontwerp.ucll.be/model_fysiek/index.html]
[df.webontwerp.ucll.be/SQL_DBschema/index.html]
[df.webontwerp.ucll.be/SQL_privileges/index.html]
[df.webontwerp.ucll.be/SQL_subquery/index.html]
[df.webontwerp.ucll.be/SQL_kookclub/index.html]
[df.webontwerp.ucll.be/EN/model_logisch/index.html]
[df.webontwerp.ucll.be/EN/model_logisch_oefeningen/index.html]
[df.webontwerp.ucll.be/EN/model_fysiek/index.html]
[df.webontwerp.ucll.be/EN/model_drawio/index.html]
[df.webontwerp.ucll.be/EN/SQL_eenopveel/index-2.html]
[df.webontwerp.ucll.be/EN/SQL_DBschema/index.html]
[df.webontwerp.ucll.be/EN/SQL_privileges/index.html]
[df.webontwerp.ucll.be/EN/SQL_where/index-2.html]
[df.webontwerp.ucll.be/EN/SQL_subquery/index.html]
[df.webontwerp.ucll.be/EN/SQL_outerjoin/index-2.html]
[df.webontwerp.ucll.be/EN/SQL_kookclub/index.html]
[df.webontwerp.ucll.be/assets/vraag_naar_data/studentOPOconceptueel.svg]
[df.webontwerp.ucll.be/assets/vraag_naar_data/studentOPOlogisch.svg]
[df.webontwerp.ucll.be/assets/drawio/model_conceptueel_entiteiten_afb01.svg]
[df.webontwerp.ucll.be/assets/drawio/model_conceptueel_attributen_afb01.svg]
[df.webontwerp.ucll.be/assets/drawio/model_conceptueel_relaties_afb01.svg]
[df.webontwerp.ucll.be/assets/drawio/model_conceptueel_relaties_afb03.svg]
[df.webontwerp.ucll.be/assets/drawio/model_conceptueel_relaties_afb04.svg]
[df.webontwerp.ucll.be/assets/drawio/model_conceptueel_relaties_afb05.svg]
[df.webontwerp.ucll.be/assets/drawio/model_conceptueel_relaties_afb06.svg]
[df.webontwerp.ucll.be/assets/drawio/model_conceptueel_relaties_afb07.svg]
[df.webontwerp.ucll.be/assets/drawio/model_conceptueel_relaties_afb08.svg]
[df.webontwerp.ucll.be/assets/drawio/model_conceptueel_relaties_afb09.svg]
[df.webontwerp.ucll.be/assets/drawio/model_conceptueel_relaties_afb10.svg]
[df.webontwerp.ucll.be/assets/drawio/model_conceptueel_relaties_afb11.svg]
[df.webontwerp.ucll.be/assets/drawio/model_conceptueel_relaties_afb12.svg]
[df.webontwerp.ucll.be/assets/drawio/model_conceptueel_relaties_afb13.svg]
[df.webontwerp.ucll.be/assets/drawio/model_conceptueel_relaties_afb14.svg]
[df.webontwerp.ucll.be/assets/drawio/model_conceptueel_soorten_attributen_afb02.svg]
[df.webontwerp.ucll.be/assets/drawio/model_conceptueel_soorten_attributen_afb03.svg]
[df.webontwerp.ucll.be/assets/drawio/model_conceptueel_soorten_attributen_afb04.svg]
[df.webontwerp.ucll.be/assets/drawio/model_conceptueel_soorten_attributen_afb05.svg]
[df.webontwerp.ucll.be/assets/drawio/model_conceptueel_soorten_attributen_afb06.svg]
[df.webontwerp.ucll.be/assets/drawio/model_conceptueel_sterk_zwakke_entiteiten_afb01.svg]
[df.webontwerp.ucll.be/assets/drawio/model_conceptueel_eerd_afb01.svg]
[df.webontwerp.ucll.be/assets/drawio/model_conceptueel_oefening1_oplossing_afb01.svg]
[df.webontwerp.ucll.be/assets/drawio/model_conceptueel_oefening2_oplossing_afb01.svg]
[df.webontwerp.ucll.be/assets/drawio/model_conceptueel_oefening3_oplossing_afb01.svg]
[df.webontwerp.ucll.be/assets/drawio/model_conceptueel_oefening5_oplossing_afb01.svg]
[df.webontwerp.ucll.be/assets/drawio/model_conceptueel_oefening4_oplossing_afb01.svg]
[df.webontwerp.ucll.be/assets/drawio/model_conceptueel_oefening4_oplossing_afb02.svg]
[df.webontwerp.ucll.be/assets/drawio/model_conceptueel_oefening4_oplossing_afb03.svg]
[df.webontwerp.ucll.be/assets/drawio/model_conceptueel_oefening6_oplossing_afb01.svg]
[df.webontwerp.ucll.be/assets/drawio/model_conceptueel_oefening6_oplossing_afb02.svg]
[df.webontwerp.ucll.be/assets/drawio/model_conceptueel_oefening6_oplossing_afb03.svg]
[df.webontwerp.ucll.be/assets/drawio/model_conceptueel_oefening6_oplossing_afb04.svg]
[df.webontwerp.ucll.be/assets/drawio/model_conceptueel_oefening6_oplossing_afb05a.svg]
[df.webontwerp.ucll.be/assets/drawio/model_conceptueel_oefening6_oplossing_afb05b.svg]
[df.webontwerp.ucll.be/assets/drawio/model_conceptueel_oefening6_oplossing_afb06.svg]
[df.webontwerp.ucll.be/assets/drawio/model_conceptueel_oefening6_oplossing_afb07.svg]
[df.webontwerp.ucll.be/assets/drawio/model_conceptueel_oefening6_oplossing_afb08.svg]
[df.webontwerp.ucll.be/assets/drawio/model_conceptueel_oefening6_oplossing_afb09.svg]
[df.webontwerp.ucll.be/assets/drawio/model_conceptueel_oefening6_oplossing_afb010.svg]
[df.webontwerp.ucll.be/assets/drawio/model_conceptueel_oefening6_oplossing_afb011.svg]
[df.webontwerp.ucll.be/assets/drawio/model_conceptueel_oefening6_oplossing_afb012.svg]
[df.webontwerp.ucll.be/assets/drawio/model_conceptueel_oefening7_oplossing_afb01a.svg]
[df.webontwerp.ucll.be/assets/drawio/model_conceptueel_oefening7_oplossing_afb01b.svg]
[df.webontwerp.ucll.be/assets/drawio/model_conceptueel_oefening7_oplossing_afb02.svg]
[df.webontwerp.ucll.be/assets/drawio/model_conceptueel_oefening7_oplossing_afb03.svg]
[df.webontwerp.ucll.be/assets/drawio/model_conceptueel_oefening8_oplossing_afb01.svg]
[df.webontwerp.ucll.be/NL/SQL_intro/index-2.html]
[df.webontwerp.ucll.be/assets/select/opo_conceptueel.svg]
[df.webontwerp.ucll.be/NL/SQL_select/index-2.html]
[df.webontwerp.ucll.be/NL/SQL_CSV/index-2.html]
[df.webontwerp.ucll.be/assets/een-op-veel-SQL/2_losse_entiteittypes.svg]
[df.webontwerp.ucll.be/assets/een-op-veel-SQL/gekoppelde_entiteittypes.svg]
[df.webontwerp.ucll.be/assets/een-op-veel-SQL/logisch.svg]
[df.webontwerp.ucll.be/assets/join/euro2012.svg]
[df.webontwerp.ucll.be/NL/model_conceptueel/index-2.html]
[df.webontwerp.ucll.be/assets/drawio/model_logisch_redundantie_afb01.svg]
[df.webontwerp.ucll.be/assets/drawio/model_logisch_redundantie_afb02.svg]
[df.webontwerp.ucll.be/assets/drawio/model_logisch_oefening1_opgave_afb01.svg]
[df.webontwerp.ucll.be/assets/drawio/model_logisch_oefening1_oplossing_afb01.svg]
[df.webontwerp.ucll.be/assets/drawio/model_logisch_oefening2_opgave_afb01.svg]
[df.webontwerp.ucll.be/assets/drawio/model_logisch_oefening2_oplossing_afb01.svg]
[df.webontwerp.ucll.be/assets/drawio/model_logisch_oefening3_opgave_afb01.svg]
[df.webontwerp.ucll.be/assets/drawio/model_logisch_oefening3_oplossing_afb01.svg]
[df.webontwerp.ucll.be/assets/drawio/model_logisch_oefening4_opgave_afb01.svg]
[df.webontwerp.ucll.be/assets/drawio/model_logisch_oefening4_oplossing_afb01.svg]
[df.webontwerp.ucll.be/assets/drawio/model_logisch_oefening5_opgave_afb01.svg]
[df.webontwerp.ucll.be/assets/drawio/model_logisch_oefening5_oplossing_afb01.svg]
[df.webontwerp.ucll.be/NL/SQL_eenopveel/index-2.html]
[df.webontwerp.ucll.be/assets/DBSchema/filmconceptueel.svg]
[df.webontwerp.ucll.be/assets/DBSchema/filmlogisch.svg]
[df.webontwerp.ucll.be/NL/SQL_where/index-2.html]
[df.webontwerp.ucll.be/NL/SQL_outerjoin/index-2.html]
[df.webontwerp.ucll.be/assets/conceptual/Original_1976_Apple_1_Computer_In_A_Briefcase.html]
[df.webontwerp.ucll.be/EN/model_conceptual_exercises.html]
[df.webontwerp.ucll.be/NL/model_conceptual_exercises.html]
[df.webontwerp.ucll.be/NL/model_logical/index.html]
[df.webontwerp.ucll.be/EN/SQL_intro/index-2.html]
[df.webontwerp.ucll.be/EN/SQL_select/index-2.html]
[df.webontwerp.ucll.be/EN/SQL_CSV/index-2.html]
[df.webontwerp.ucll.be/EN/model_logical/index.html]
[df.webontwerp.ucll.be/assets/one-to-many-SQL/lector-opo-SQL.html]
[df.webontwerp.ucll.be/NL/SQL_anopveel/index.html]
[df.webontwerp.ucll.be/assets/logic/model_logic_relational_database-model_afb02.html]
[df.webontwerp.ucll.be/assets/logical/model_logical_relational_conceptual_to_logical_afb01.html]
[df.webontwerp.ucll.be/assets/logical/model_logical_relational_conceptual_to_logical_afb02.html]
[df.webontwerp.ucll.be/assets/logic/model_logic_relational_conceptual_to_logic_afb03.html]
[df.webontwerp.ucll.be/assets/logical/model_logical_relational_conceptual_to_logical_afb04.html]
[df.webontwerp.ucll.be/assets/logical/model_logical_relational_conceptual_to_logical_afb05.html]
[df.webontwerp.ucll.be/assets/logical/model_logical_relational_conceptual_to_logical_afb06.html]
[df.webontwerp.ucll.be/assets/logical/model_logical_relational_conceptual_to_logical_afb07.html]
[df.webontwerp.ucll.be/assets/logical/model_logical_relational_conceptual_to_logical_afb08.html]
[df.webontwerp.ucll.be/NL/model_conceptual/index.html]
[df.webontwerp.ucll.be/assets/logical/model_logical_relational_conceptual_to_logical_afb09.html]
[df.webontwerp.ucll.be/NL/model_logical_exercises/index.html]
[df.webontwerp.ucll.be/assets/logical/model_logical_relational_conceptual_to_logical_afb10.html]
[df.webontwerp.ucll.be/assets/logical/model_logical_relational_conceptual_to_logical_afb11.html]
[df.webontwerp.ucll.be/NL/model_conceptual/index-2.html]
[df.webontwerp.ucll.be/assets/drawio/model_logical_redundancy_afb01.html]
[df.webontwerp.ucll.be/assets/drawio/model_logical_redundancy_afb02.html]
[df.webontwerp.ucll.be/EN/SQL_eenopveel/index-2.html]
[df.webontwerp.ucll.be/EN/SQL_where/index-2.html]
[df.webontwerp.ucll.be/EN/SQL_outerjoin/index-2.html]
